// Jest Snapshot v1, https://goo.gl/fbAQLP

exports[`ToolbarButton DOM should match snapshot 1`] = `
<div
  className="fslightbox-toolbar-button fslightbox-flex-centered"
  onClick={[MockFunction]}
  title="title"
>
  <Svg
    d="M1425"
    size="26px"
    viewBox="0 0 20 20"
  />
</div>
`;
